// Jest Snapshot v1, https://goo.gl/fbAQLP

exports[`Box base styles 1`] = `
<div
  class="sc-bczRLJ hfoEtf"
/>
`;
